[AUDIO] Optional step failed env=goodq_core step=sentiment scene_id=b08eac9ff73bc8104b4ee266e1eadf02bc4aa629e3e520b75985d449040a2d5a scene_index=27 error=Step sentiment failed (goodq_core)
STDOUT: 
STDERR: Loading weights:   0%|          | 0/104 [00:00<?, ?it/s]
Loading weights:   1%|          | 1/104 [00:00<?, ?it/s, Materializing param=classifier.bias]
Loading weights:   1%|          | 1/104 [00:00<?, ?it/s, Materializing param=classifier.bias]
Loading weights:   2%|\u258f         | 2/104 [00:00<?, ?it/s, Materializing param=classifier.weight]
Loading weights:   2%|\u258f         | 2/104 [00:00<?, ?it/s, Materializing param=classifier.weight]
Loading weights:   3%|\u258e         | 3/104 [00:00<?, ?it/s, Materializing param=distilbert.embeddings.LayerNorm.bias]
Loading weights:   3%|\u258e         | 3/104 [00:00<?, ?it/s, Materializing param=distilbert.embeddings.LayerNorm.bias]
Loading weights:   4%|\u258d         | 4/104 [00:00<?, ?it/s, Materializing param=distilbert.embeddings.LayerNorm.weight]
Loading weights:   4%|\u258d         | 4/104 [00:00<?, ?it/s, Materializing param=distilbert.embeddings.LayerNorm.weight]
Loading weights:   5%|\u258d         | 5/104 [00:00<?, ?it/s, Materializing param=distilbert.embeddings.position_embeddings.weight]
Loading weights:   5%|\u258d         | 5/104 [00:00<?, ?it/s, Materializing param=distilbert.embeddings.position_embeddings.weight]
Loading weights:   6%|\u258c         | 6/104 [00:00<00:00, 6000.43it/s, Materializing param=distilbert.embeddings.word_embeddings.weight]
Loading weights:   6%|\u258c         | 6/104 [00:00<00:00, 6000.43it/s, Materializing param=distilbert.embeddings.word_embeddings.weight]
Loading weights:   7%|\u258b         | 7/104 [00:00<00:00, 7000.51it/s, Materializing param=distilbert.transformer.layer.0.attention.k_lin.bias]
Loading weights:   7%|\u258b         | 7/104 [00:00<00:00, 7000.51it/s, Materializing param=distilbert.transformer.layer.0.attention.k_lin.bias]
Loading weights:   8%|\u258a         | 8/104 [00:00<00:00, 8000.58it/s, Materializing param=distilbert.transformer.layer.0.attention.k_lin.weight]
Loading weights:   8%|\u258a         | 8/104 [00:00<00:00, 8000.58it/s, Materializing param=distilbert.transformer.layer.0.attention.k_lin.weight]
Loading weights:   9%|\u258a         | 9/104 [00:00<00:00, 4500.33it/s, Materializing param=distilbert.transformer.layer.0.attention.out_lin.bias]
Loading weights:   9%|\u258a         | 9/104 [00:00<00:00, 4500.33it/s, Materializing param=distilbert.transformer.layer.0.attention.out_lin.bias]
Loading weights:  10%|\u2589         | 10/104 [00:00<00:00, 5000.36it/s, Materializing param=distilbert.transformer.layer.0.attention.out_lin.weight]
Loading weights:  10%|\u2589         | 10/104 [00:00<00:00, 5000.36it/s, Materializing param=distilbert.transformer.layer.0.attention.out_lin.weight]
Loading weights:  11%|\u2588         | 11/104 [00:00<00:00, 5500.40it/s, Materializing param=distilbert.transformer.layer.0.attention.q_lin.bias]    
Loading weights:  11%|\u2588         | 11/104 [00:00<00:00, 5500.40it/s, Materializing param=distilbert.transformer.layer.0.attention.q_lin.bias]
Loading weights:  12%|\u2588\u258f        | 12/104 [00:00<00:00, 6000.43it/s, Materializing param=distilbert.transformer.layer.0.attention.q_lin.weight]
Loading weights:  12%|\u2588\u258f        | 12/104 [00:00<00:00, 6000.43it/s, Materializing param=distilbert.transformer.layer.0.attention.q_lin.weight]
Loading weights:  12%|\u2588\u258e        | 13/104 [00:00<00:00, 6500.47it/s, Materializing param=distilbert.transformer.layer.0.attention.v_lin.bias]  
Loading weights:  12%|\u2588\u258e        | 13/104 [00:00<00:00, 4332.96it/s, Materializing param=distilbert.transformer.layer.0.attention.v_lin.bias]
Loading weights:  13%|\u2588\u258e        | 14/104 [00:00<00:00, 4666.26it/s, Materializing param=distilbert.transformer.layer.0.attention.v_lin.weight]
Loading weights:  13%|\u2588\u258e        | 14/104 [00:00<00:00, 4666.26it/s, Materializing param=distilbert.transformer.layer.0.attention.v_lin.weight]
Loading weights:  14%|\u2588\u258d        | 15/104 [00:00<00:00, 4999.57it/s, Materializing param=distilbert.transformer.layer.0.ffn.lin1.bias]         
Loading weights:  14%|\u2588\u258d        | 15/104 [00:00<00:00, 4999.57it/s, Materializing param=distilbert.transformer.layer.0.ffn.lin1.bias]
Loading weights:  15%|\u2588\u258c        | 16/104 [00:00<00:00, 5332.87it/s, Materializing param=distilbert.transformer.layer.0.ffn.lin1.weight]
Loading weights:  15%|\u2588\u258c        | 16/104 [00:00<00:00, 5332.87it/s, Materializing param=distilbert.transformer.layer.0.ffn.lin1.weight]
Loading weights:  16%|\u2588\u258b        | 17/104 [00:00<00:00, 5666.18it/s, Materializing param=distilbert.transformer.layer.0.ffn.lin2.bias]  
Loading weights:  16%|\u2588\u258b        | 17/104 [00:00<00:00, 5666.18it/s, Materializing param=distilbert.transformer.layer.0.ffn.lin2.bias]
Loading weights:  17%|\u2588\u258b        | 18/104 [00:00<00:00, 5999.48it/s, Materializing param=distilbert.transformer.layer.0.ffn.lin2.weight]
Loading weights:  17%|\u2588\u258b        | 18/104 [00:00<00:00, 4498.99it/s, Materializing param=distilbert.transformer.layer.0.ffn.lin2.weight]
Loading weights:  18%|\u2588\u258a        | 19/104 [00:00<00:00, 4748.93it/s, Materializing param=distilbert.transformer.layer.0.output_layer_norm.bias]
Loading weights:  18%|\u2588\u258a        | 19/104 [00:00<00:00, 4748.93it/s, Materializing param=distilbert.transformer.layer.0.output_layer_norm.bias]
Loading weights:  19%|\u2588\u2589        | 20/104 [00:00<00:00, 4998.87it/s, Materializing param=distilbert.transformer.layer.0.output_layer_norm.weight]
Loading weights:  19%|\u2588\u2589        | 20/104 [00:00<00:00, 4998.87it/s, Materializing param=distilbert.transformer.layer.0.output_layer_norm.weight]
Loading weights:  20%|\u2588\u2588        | 21/104 [00:00<00:00, 5248.82it/s, Materializing param=distilbert.transformer.layer.0.sa_layer_norm.bias]      
Loading weights:  20%|\u2588\u2588        | 21/104 [00:00<00:00, 5248.82it/s, Materializing param=distilbert.transformer.layer.0.sa_layer_norm.bias]
Loading weights:  21%|\u2588\u2588        | 22/104 [00:00<00:00, 5498.76it/s, Materializing param=distilbert.transformer.layer.0.sa_layer_norm.weight]
Loading weights:  21%|\u2588\u2588        | 22/104 [00:00<00:00, 5498.76it/s, Materializing param=distilbert.transformer.layer.0.sa_layer_norm.weight]
Loading weights:  22%|\u2588\u2588\u258f       | 23/104 [00:00<00:00, 5748.70it/s, Materializing param=distilbert.transformer.layer.1.attention.k_lin.bias]
Loading weights:  22%|\u2588\u2588\u258f       | 23/104 [00:00<00:00, 5748.70it/s, Materializing param=distilbert.transformer.layer.1.attention.k_lin.bias]
Loading weights:  23%|\u2588\u2588\u258e       | 24/104 [00:00<00:00, 4799.66it/s, Materializing param=distilbert.transformer.layer.1.attention.k_lin.weight]
Loading weights:  23%|\u2588\u2588\u258e       | 24/104 [00:00<00:00, 4799.66it/s, Materializing param=distilbert.transformer.layer.1.attention.k_lin.weight]
Loading weights:  24%|\u2588\u2588\u258d       | 25/104 [00:00<00:00, 4999.65it/s, Materializing param=distilbert.transformer.layer.1.attention.out_lin.bias]
Loading weights:  24%|\u2588\u2588\u258d       | 25/104 [00:00<00:00, 4999.65it/s, Materializing param=distilbert.transformer.layer.1.attention.out_lin.bias]
Loading weights:  25%|\u2588\u2588\u258c       | 26/104 [00:00<00:00, 5199.63it/s, Materializing param=distilbert.transformer.layer.1.attention.out_lin.weight]
Loading weights:  25%|\u2588\u2588\u258c       | 26/104 [00:00<00:00, 5199.63it/s, Materializing param=distilbert.transformer.layer.1.attention.out_lin.weight]
Loading weights:  26%|\u2588\u2588\u258c       | 27/104 [00:00<00:00, 5399.62it/s, Materializing param=distilbert.transformer.layer.1.attention.q_lin.bias]    
Loading weights:  26%|\u2588\u2588\u258c       | 27/104 [00:00<00:00, 5399.62it/s, Materializing param=distilbert.transformer.layer.1.attention.q_lin.bias]
Loading weights:  27%|\u2588\u2588\u258b       | 28/104 [00:00<00:00, 4666.45it/s, Materializing param=distilbert.transformer.layer.1.attention.q_lin.weight]
Loading weights:  27%|\u2588\u2588\u258b       | 28/104 [00:00<00:00, 4666.45it/s, Materializing param=distilbert.transformer.layer.1.attention.q_lin.weight]
Loading weights:  28%|\u2588\u2588\u258a       | 29/104 [00:00<00:00, 4833.11it/s, Materializing param=distilbert.transformer.layer.1.attention.v_lin.bias]  
Loading weights:  28%|\u2588\u2588\u258a       | 29/104 [00:00<00:00, 4833.11it/s, Materializing param=distilbert.transformer.layer.1.attention.v_lin.bias]
Loading weights:  29%|\u2588\u2588\u2589       | 30/104 [00:00<00:00, 4999.77it/s, Materializing param=distilbert.transformer.layer.1.attention.v_lin.weight]
Loading weights:  29%|\u2588\u2588\u2589       | 30/104 [00:00<00:00, 4999.77it/s, Materializing param=distilbert.transformer.layer.1.attention.v_lin.weight]
Loading weights:  30%|\u2588\u2588\u2589       | 31/104 [00:00<00:00, 5166.43it/s, Materializing param=distilbert.transformer.layer.1.ffn.lin1.bias]         
Loading weights:  30%|\u2588\u2588\u2589       | 31/104 [00:00<00:00, 5166.43it/s, Materializing param=distilbert.transformer.layer.1.ffn.lin1.bias]
Loading weights:  31%|\u2588\u2588\u2588       | 32/104 [00:00<00:00, 5333.08it/s, Materializing param=distilbert.transformer.layer.1.ffn.lin1.weight]
Loading weights:  31%|\u2588\u2588\u2588       | 32/104 [00:00<00:00, 5333.08it/s, Materializing param=distilbert.transformer.layer.1.ffn.lin1.weight]
Loading weights:  32%|\u2588\u2588\u2588\u258f      | 33/104 [00:00<00:00, 4713.02it/s, Materializing param=distilbert.transformer.layer.1.ffn.lin2.bias]  
Loading weights:  32%|\u2588\u2588\u2588\u258f      | 33/104 [00:00<00:00, 4713.02it/s, Materializing param=distilbert.transformer.layer.1.ffn.lin2.bias]
Loading weights:  33%|\u2588\u2588\u2588\u258e      | 34/104 [00:00<00:00, 4855.84it/s, Materializing param=distilbert.transformer.layer.1.ffn.lin2.weight]
Loading weights:  33%|\u2588\u2588\u2588\u258e      | 34/104 [00:00<00:00, 4855.84it/s, Materializing param=distilbert.transformer.layer.1.ffn.lin2.weight]
Loading weights:  34%|\u2588\u2588\u2588\u258e      | 35/104 [00:00<00:00, 4998.66it/s, Materializing param=distilbert.transformer.layer.1.output_layer_norm.bias]
Loading weights:  34%|\u2588\u2588\u2588\u258e      | 35/104 [00:00<00:00, 4998.66it/s, Materializing param=distilbert.transformer.layer.1.output_layer_norm.bias]
Loading weights:  35%|\u2588\u2588\u2588\u258d      | 36/104 [00:00<00:00, 5141.48it/s, Materializing param=distilbert.transformer.layer.1.output_layer_norm.weight]
Loading weights:  35%|\u2588\u2588\u2588\u258d      | 36/104 [00:00<00:00, 5141.48it/s, Materializing param=distilbert.transformer.layer.1.output_layer_norm.weight]
Loading weights:  36%|\u2588\u2588\u2588\u258c      | 37/104 [00:00<00:00, 4620.10it/s, Materializing param=distilbert.transformer.layer.1.sa_layer_norm.bias]      
Loading weights:  36%|\u2588\u2588\u2588\u258c      | 37/104 [00:00<00:00, 4620.10it/s, Materializing param=distilbert.transformer.layer.1.sa_layer_norm.bias]
Loading weights:  37%|\u2588\u2588\u2588\u258b      | 38/104 [00:00<00:00, 4744.97it/s, Materializing param=distilbert.transformer.layer.1.sa_layer_norm.weight]
Loading weights:  37%|\u2588\u2588\u2588\u258b      | 38/104 [00:00<00:00, 4744.97it/s, Materializing param=distilbert.transformer.layer.1.sa_layer_norm.weight]
Loading weights:  38%|\u2588\u2588\u2588\u258a      | 39/104 [00:00<00:00, 4869.84it/s, Materializing param=distilbert.transformer.layer.2.attention.k_lin.bias]
Loading weights:  38%|\u2588\u2588\u2588\u258a      | 39/104 [00:00<00:00, 4869.84it/s, Materializing param=distilbert.transformer.layer.2.attention.k_lin.bias]
Loading weights:  38%|\u2588\u2588\u2588\u258a      | 40/104 [00:00<00:00, 4994.71it/s, Materializing param=distilbert.transformer.layer.2.attention.k_lin.weight]
Loading weights:  38%|\u2588\u2588\u2588\u258a      | 40/104 [00:00<00:00, 4994.71it/s, Materializing param=distilbert.transformer.layer.2.attention.k_lin.weight]
Loading weights:  39%|\u2588\u2588\u2588\u2589      | 41/104 [00:00<00:00, 5119.57it/s, Materializing param=distilbert.transformer.layer.2.attention.out_lin.bias]
Loading weights:  39%|\u2588\u2588\u2588\u2589      | 41/104 [00:00<00:00, 4555.28it/s, Materializing param=distilbert.transformer.layer.2.attention.out_lin.bias]
Loading weights:  40%|\u2588\u2588\u2588\u2588      | 42/104 [00:00<00:00, 4666.39it/s, Materializing param=distilbert.transformer.layer.2.attention.out_lin.weight]
Loading weights:  40%|\u2588\u2588\u2588\u2588      | 42/104 [00:00<00:00, 4666.39it/s, Materializing param=distilbert.transformer.layer.2.attention.out_lin.weight]
Loading weights:  41%|\u2588\u2588\u2588\u2588\u258f     | 43/104 [00:00<00:00, 4777.49it/s, Materializing param=distilbert.transformer.layer.2.attention.q_lin.bias]    
Loading weights:  41%|\u2588\u2588\u2588\u2588\u258f     | 43/104 [00:00<00:00, 4777.49it/s, Materializing param=distilbert.transformer.layer.2.attention.q_lin.bias]
Loading weights:  42%|\u2588\u2588\u2588\u2588\u258f     | 44/104 [00:00<00:00, 4888.60it/s, Materializing param=distilbert.transformer.layer.2.attention.q_lin.weight]
Loading weights:  42%|\u2588\u2588\u2588\u2588\u258f     | 44/104 [00:00<00:00, 4888.60it/s, Materializing param=distilbert.transformer.layer.2.attention.q_lin.weight]
Loading weights:  43%|\u2588\u2588\u2588\u2588\u258e     | 45/104 [00:00<00:00, 4999.70it/s, Materializing param=distilbert.transformer.layer.2.attention.v_lin.bias]  
Loading weights:  43%|\u2588\u2588\u2588\u2588\u258e     | 45/104 [00:00<00:00, 4999.70it/s, Materializing param=distilbert.transformer.layer.2.attention.v_lin.bias]
Loading weights:  44%|\u2588\u2588\u2588\u2588\u258d     | 46/104 [00:00<00:00, 4600.00it/s, Materializing param=distilbert.transformer.layer.2.attention.v_lin.weight]
Loading weights:  44%|\u2588\u2588\u2588\u2588\u258d     | 46/104 [00:00<00:00, 4600.00it/s, Materializing param=distilbert.transformer.layer.2.attention.v_lin.weight]
Loading weights:  45%|\u2588\u2588\u2588\u2588\u258c     | 47/104 [00:00<00:00, 4700.00it/s, Materializing param=distilbert.transformer.layer.2.ffn.lin1.bias]         
Loading weights:  45%|\u2588\u2588\u2588\u2588\u258c     | 47/104 [00:00<00:00, 4700.00it/s, Materializing param=distilbert.transformer.layer.2.ffn.lin1.bias]
Loading weights:  46%|\u2588\u2588\u2588\u2588\u258c     | 48/104 [00:00<00:00, 4800.00it/s, Materializing param=distilbert.transformer.layer.2.ffn.lin1.weight]
Loading weights:  46%|\u2588\u2588\u2588\u2588\u258c     | 48/104 [00:00<00:00, 4800.00it/s, Materializing param=distilbert.transformer.layer.2.ffn.lin1.weight]
Loading weights:  47%|\u2588\u2588\u2588\u2588\u258b     | 49/104 [00:00<00:00, 4900.00it/s, Materializing param=distilbert.transformer.layer.2.ffn.lin2.bias]  
Loading weights:  47%|\u2588\u2588\u2588\u2588\u258b     | 49/104 [00:00<00:00, 4900.00it/s, Materializing param=distilbert.transformer.layer.2.ffn.lin2.bias]
Loading weights:  48%|\u2588\u2588\u2588\u2588\u258a     | 50/104 [00:00<00:00, 5000.00it/s, Materializing param=distilbert.transformer.layer.2.ffn.lin2.weight]
Loading weights:  48%|\u2588\u2588\u2588\u2588\u258a     | 50/104 [00:00<00:00, 5000.00it/s, Materializing param=distilbert.transformer.layer.2.ffn.lin2.weight]
Loading weights:  49%|\u2588\u2588\u2588\u2588\u2589     | 51/104 [00:00<00:00, 4636.20it/s, Materializing param=distilbert.transformer.layer.2.output_layer_norm.bias]
Loading weights:  49%|\u2588\u2588\u2588\u2588\u2589     | 51/104 [00:00<00:00, 4636.20it/s, Materializing param=distilbert.transformer.layer.2.output_layer_norm.bias]
Loading weights:  50%|\u2588\u2588\u2588\u2588\u2588     | 52/104 [00:00<00:00, 4727.10it/s, Materializing param=distilbert.transformer.layer.2.output_layer_norm.weight]
Loading weights:  50%|\u2588\u2588\u2588\u2588\u2588     | 52/104 [00:00<00:00, 4727.10it/s, Materializing param=distilbert.transformer.layer.2.output_layer_norm.weight]
Loading weights:  51%|\u2588\u2588\u2588\u2588\u2588     | 53/104 [00:00<00:00, 4818.01it/s, Materializing param=distilbert.transformer.layer.2.sa_layer_norm.bias]      
Loading weights:  51%|\u2588\u2588\u2588\u2588\u2588     | 53/104 [00:00<00:00, 4818.01it/s, Materializing param=distilbert.transformer.layer.2.sa_layer_norm.bias]
Loading weights:  52%|\u2588\u2588\u2588\u2588\u2588\u258f    | 54/104 [00:00<00:00, 4908.91it/s, Materializing param=distilbert.transformer.layer.2.sa_layer_norm.weight]
Loading weights:  52%|\u2588\u2588\u2588\u2588\u2588\u258f    | 54/104 [00:00<00:00, 4908.91it/s, Materializing param=distilbert.transformer.layer.2.sa_layer_norm.weight]
Loading weights:  53%|\u2588\u2588\u2588\u2588\u2588\u258e    | 55/104 [00:00<00:00, 4582.39it/s, Materializing param=distilbert.transformer.layer.3.attention.k_lin.bias]
Loading weights:  53%|\u2588\u2588\u2588\u2588\u2588\u258e    | 55/104 [00:00<00:00, 4582.39it/s, Materializing param=distilbert.transformer.layer.3.attention.k_lin.bias]
Loading weights:  54%|\u2588\u2588\u2588\u2588\u2588\u258d    | 56/104 [00:00<00:00, 4665.71it/s, Materializing param=distilbert.transformer.layer.3.attention.k_lin.weight]
Loading weights:  54%|\u2588\u2588\u2588\u2588\u2588\u258d    | 56/104 [00:00<00:00, 4307.53it/s, Materializing param=distilbert.transformer.layer.3.attention.k_lin.weight]
Loading weights:  55%|\u2588\u2588\u2588\u2588\u2588\u258d    | 57/104 [00:00<00:00, 4384.45it/s, Materializing param=distilbert.transformer.layer.3.attention.out_lin.bias]
Loading weights:  55%|\u2588\u2588\u2588\u2588\u2588\u258d    | 57/104 [00:00<00:00, 4384.45it/s, Materializing param=distilbert.transformer.layer.3.attention.out_lin.bias]
Loading weights:  56%|\u2588\u2588\u2588\u2588\u2588\u258c    | 58/104 [00:00<00:00, 4461.37it/s, Materializing param=distilbert.transformer.layer.3.attention.out_lin.weight]
Loading weights:  56%|\u2588\u2588\u2588\u2588\u2588\u258c    | 58/104 [00:00<00:00, 4461.37it/s, Materializing param=distilbert.transformer.layer.3.attention.out_lin.weight]
Loading weights:  57%|\u2588\u2588\u2588\u2588\u2588\u258b    | 59/104 [00:00<00:00, 4538.29it/s, Materializing param=distilbert.transformer.layer.3.attention.q_lin.bias]    
Loading weights:  57%|\u2588\u2588\u2588\u2588\u2588\u258b    | 59/104 [00:00<00:00, 4538.29it/s, Materializing param=distilbert.transformer.layer.3.attention.q_lin.bias]
Loading weights:  58%|\u2588\u2588\u2588\u2588\u2588\u258a    | 60/104 [00:00<00:00, 4615.21it/s, Materializing param=distilbert.transformer.layer.3.attention.q_lin.weight]
Loading weights:  58%|\u2588\u2588\u2588\u2588\u2588\u258a    | 60/104 [00:00<00:00, 4285.37it/s, Materializing param=distilbert.transformer.layer.3.attention.q_lin.weight]
Loading weights:  59%|\u2588\u2588\u2588\u2588\u2588\u258a    | 61/104 [00:00<00:00, 4356.79it/s, Materializing param=distilbert.transformer.layer.3.attention.v_lin.bias]  
Loading weights:  59%|\u2588\u2588\u2588\u2588\u2588\u258a    | 61/104 [00:00<00:00, 4356.79it/s, Materializing param=distilbert.transformer.layer.3.attention.v_lin.bias]
Loading weights:  60%|\u2588\u2588\u2588\u2588\u2588\u2589    | 62/104 [00:00<00:00, 4428.21it/s, Materializing param=distilbert.transformer.layer.3.attention.v_lin.weight]
Loading weights:  60%|\u2588\u2588\u2588\u2588\u2588\u2589    | 62/104 [00:00<00:00, 4428.21it/s, Materializing param=distilbert.transformer.layer.3.attention.v_lin.weight]
Loading weights:  61%|\u2588\u2588\u2588\u2588\u2588\u2588    | 63/104 [00:00<00:00, 4499.64it/s, Materializing param=distilbert.transformer.layer.3.ffn.lin1.bias]         
Loading weights:  61%|\u2588\u2588\u2588\u2588\u2588\u2588    | 63/104 [00:00<00:00, 4499.64it/s, Materializing param=distilbert.transformer.layer.3.ffn.lin1.bias]
Loading weights:  62%|\u2588\u2588\u2588\u2588\u2588\u2588\u258f   | 64/104 [00:00<00:00, 4266.50it/s, Materializing param=distilbert.transformer.layer.3.ffn.lin1.weight]
Loading weights:  62%|\u2588\u2588\u2588\u2588\u2588\u2588\u258f   | 64/104 [00:00<00:00, 4266.50it/s, Materializing param=distilbert.transformer.layer.3.ffn.lin1.weight]
Loading weights:  62%|\u2588\u2588\u2588\u2588\u2588\u2588\u258e   | 65/104 [00:00<00:00, 4333.17it/s, Materializing param=distilbert.transformer.layer.3.ffn.lin2.bias]  
Loading weights:  62%|\u2588\u2588\u2588\u2588\u2588\u2588\u258e   | 65/104 [00:00<00:00, 4333.17it/s, Materializing param=distilbert.transformer.layer.3.ffn.lin2.bias]
Loading weights:  63%|\u2588\u2588\u2588\u2588\u2588\u2588\u258e   | 66/104 [00:00<00:00, 4399.83it/s, Materializing param=distilbert.transformer.layer.3.ffn.lin2.weight]
Loading weights:  63%|\u2588\u2588\u2588\u2588\u2588\u2588\u258e   | 66/104 [00:00<00:00, 4399.83it/s, Materializing param=distilbert.transformer.layer.3.ffn.lin2.weight]
Loading weights:  64%|\u2588\u2588\u2588\u2588\u2588\u2588\u258d   | 67/104 [00:00<00:00, 4466.49it/s, Materializing param=distilbert.transformer.layer.3.output_layer_norm.bias]
Loading weights:  64%|\u2588\u2588\u2588\u2588\u2588\u2588\u258d   | 67/104 [00:00<00:00, 4466.49it/s, Materializing param=distilbert.transformer.layer.3.output_layer_norm.bias]
Loading weights:  65%|\u2588\u2588\u2588\u2588\u2588\u2588\u258c   | 68/104 [00:00<00:00, 4533.16it/s, Materializing param=distilbert.transformer.layer.3.output_layer_norm.weight]
Loading weights:  65%|\u2588\u2588\u2588\u2588\u2588\u2588\u258c   | 68/104 [00:00<00:00, 4533.16it/s, Materializing param=distilbert.transformer.layer.3.output_layer_norm.weight]
Loading weights:  66%|\u2588\u2588\u2588\u2588\u2588\u2588\u258b   | 69/104 [00:00<00:00, 4312.43it/s, Materializing param=distilbert.transformer.layer.3.sa_layer_norm.bias]      
Loading weights:  66%|\u2588\u2588\u2588\u2588\u2588\u2588\u258b   | 69/104 [00:00<00:00, 4312.43it/s, Materializing param=distilbert.transformer.layer.3.sa_layer_norm.bias]
Loading weights:  67%|\u2588\u2588\u2588\u2588\u2588\u2588\u258b   | 70/104 [00:00<00:00, 4374.93it/s, Materializing param=distilbert.transformer.layer.3.sa_layer_norm.weight]
Loading weights:  67%|\u2588\u2588\u2588\u2588\u2588\u2588\u258b   | 70/104 [00:00<00:00, 4374.93it/s, Materializing param=distilbert.transformer.layer.3.sa_layer_norm.weight]
Loading weights:  68%|\u2588\u2588\u2588\u2588\u2588\u2588\u258a   | 71/104 [00:00<00:00, 4437.42it/s, Materializing param=distilbert.transformer.layer.4.attention.k_lin.bias]
Loading weights:  68%|\u2588\u2588\u2588\u2588\u2588\u2588\u258a   | 71/104 [00:00<00:00, 4437.42it/s, Materializing param=distilbert.transformer.layer.4.attention.k_lin.bias]
Loading weights:  69%|\u2588\u2588\u2588\u2588\u2588\u2588\u2589   | 72/104 [00:00<00:00, 4499.92it/s, Materializing param=distilbert.transformer.layer.4.attention.k_lin.weight]
Loading weights:  69%|\u2588\u2588\u2588\u2588\u2588\u2588\u2589   | 72/104 [00:00<00:00, 4499.92it/s, Materializing param=distilbert.transformer.layer.4.attention.k_lin.weight]
Loading weights:  70%|\u2588\u2588\u2588\u2588\u2588\u2588\u2588   | 73/104 [00:00<00:00, 4294.01it/s, Materializing param=distilbert.transformer.layer.4.attention.out_lin.bias]
Loading weights:  70%|\u2588\u2588\u2588\u2588\u2588\u2588\u2588   | 73/104 [00:00<00:00, 4294.01it/s, Materializing param=distilbert.transformer.layer.4.attention.out_lin.bias]
Loading weights:  71%|\u2588\u2588\u2588\u2588\u2588\u2588\u2588   | 74/104 [00:00<00:00, 4352.83it/s, Materializing param=distilbert.transformer.layer.4.attention.out_lin.weight]
Loading weights:  71%|\u2588\u2588\u2588\u2588\u2588\u2588\u2588   | 74/104 [00:00<00:00, 4352.83it/s, Materializing param=distilbert.transformer.layer.4.attention.out_lin.weight]
Loading weights:  72%|\u2588\u2588\u2588\u2588\u2588\u2588\u2588\u258f  | 75/104 [00:00<00:00, 4411.65it/s, Materializing param=distilbert.transformer.layer.4.attention.q_lin.bias]    
Loading weights:  72%|\u2588\u2588\u2588\u2588\u2588\u2588\u2588\u258f  | 75/104 [00:00<00:00, 4411.65it/s, Materializing param=distilbert.transformer.layer.4.attention.q_lin.bias]
Loading weights:  73%|\u2588\u2588\u2588\u2588\u2588\u2588\u2588\u258e  | 76/104 [00:00<00:00, 4470.47it/s, Materializing param=distilbert.transformer.layer.4.attention.q_lin.weight]
Loading weights:  73%|\u2588\u2588\u2588\u2588\u2588\u2588\u2588\u258e  | 76/104 [00:00<00:00, 4470.47it/s, Materializing param=distilbert.transformer.layer.4.attention.q_lin.weight]
Loading weights:  74%|\u2588\u2588\u2588\u2588\u2588\u2588\u2588\u258d  | 77/104 [00:00<00:00, 4529.30it/s, Materializing param=distilbert.transformer.layer.4.attention.v_lin.bias]  
Loading weights:  74%|\u2588\u2588\u2588\u2588\u2588\u2588\u2588\u258d  | 77/104 [00:00<00:00, 4529.30it/s, Materializing param=distilbert.transformer.layer.4.attention.v_lin.bias]
Loading weights:  75%|\u2588\u2588\u2588\u2588\u2588\u2588\u2588\u258c  | 78/104 [00:00<00:00, 4333.30it/s, Materializing param=distilbert.transformer.layer.4.attention.v_lin.weight]
Loading weights:  75%|\u2588\u2588\u2588\u2588\u2588\u2588\u2588\u258c  | 78/104 [00:00<00:00, 4333.30it/s, Materializing param=distilbert.transformer.layer.4.attention.v_lin.weight]
Loading weights:  76%|\u2588\u2588\u2588\u2588\u2588\u2588\u2588\u258c  | 79/104 [00:00<00:00, 4388.86it/s, Materializing param=distilbert.transformer.layer.4.ffn.lin1.bias]         
Loading weights:  76%|\u2588\u2588\u2588\u2588\u2588\u2588\u2588\u258c  | 79/104 [00:00<00:00, 4388.86it/s, Materializing param=distilbert.transformer.layer.4.ffn.lin1.bias]
Loading weights:  77%|\u2588\u2588\u2588\u2588\u2588\u2588\u2588\u258b  | 80/104 [00:00<00:00, 4444.41it/s, Materializing param=distilbert.transformer.layer.4.ffn.lin1.weight]
Loading weights:  77%|\u2588\u2588\u2588\u2588\u2588\u2588\u2588\u258b  | 80/104 [00:00<00:00, 4444.41it/s, Materializing param=distilbert.transformer.layer.4.ffn.lin1.weight]
Loading weights:  78%|\u2588\u2588\u2588\u2588\u2588\u2588\u2588\u258a  | 81/104 [00:00<00:00, 4499.97it/s, Materializing param=distilbert.transformer.layer.4.ffn.lin2.bias]  
Loading weights:  78%|\u2588\u2588\u2588\u2588\u2588\u2588\u2588\u258a  | 81/104 [00:00<00:00, 4499.97it/s, Materializing param=distilbert.transformer.layer.4.ffn.lin2.bias]
Loading weights:  79%|\u2588\u2588\u2588\u2588\u2588\u2588\u2588\u2589  | 82/104 [00:00<00:00, 4315.61it/s, Materializing param=distilbert.transformer.layer.4.ffn.lin2.weight]
Loading weights:  79%|\u2588\u2588\u2588\u2588\u2588\u2588\u2588\u2589  | 82/104 [00:00<00:00, 4315.61it/s, Materializing param=distilbert.transformer.layer.4.ffn.lin2.weight]
Loading weights:  80%|\u2588\u2588\u2588\u2588\u2588\u2588\u2588\u2589  | 83/104 [00:00<00:00, 4368.24it/s, Materializing param=distilbert.transformer.layer.4.output_layer_norm.bias]
Loading weights:  80%|\u2588\u2588\u2588\u2588\u2588\u2588\u2588\u2589  | 83/104 [00:00<00:00, 4368.24it/s, Materializing param=distilbert.transformer.layer.4.output_layer_norm.bias]
Loading weights:  81%|\u2588\u2588\u2588\u2588\u2588\u2588\u2588\u2588  | 84/104 [00:00<00:00, 4420.87it/s, Materializing param=distilbert.transformer.layer.4.output_layer_norm.weight]
Loading weights:  81%|\u2588\u2588\u2588\u2588\u2588\u2588\u2588\u2588  | 84/104 [00:00<00:00, 4420.87it/s, Materializing param=distilbert.transformer.layer.4.output_layer_norm.weight]
Loading weights:  82%|\u2588\u2588\u2588\u2588\u2588\u2588\u2588\u2588\u258f | 85/104 [00:00<00:00, 4473.50it/s, Materializing param=distilbert.transformer.layer.4.sa_layer_norm.bias]      
Loading weights:  82%|\u2588\u2588\u2588\u2588\u2588\u2588\u2588\u2588\u258f | 85/104 [00:00<00:00, 4473.50it/s, Materializing param=distilbert.transformer.layer.4.sa_layer_norm.bias]
Loading weights:  83%|\u2588\u2588\u2588\u2588\u2588\u2588\u2588\u2588\u258e | 86/104 [00:00<00:00, 4526.13it/s, Materializing param=distilbert.transformer.layer.4.sa_layer_norm.weight]
Loading weights:  83%|\u2588\u2588\u2588\u2588\u2588\u2588\u2588\u2588\u258e | 86/104 [00:00<00:00, 4526.13it/s, Materializing param=distilbert.transformer.layer.4.sa_layer_norm.weight]
Loading weights:  84%|\u2588\u2588\u2588\u2588\u2588\u2588\u2588\u2588\u258e | 87/104 [00:00<00:00, 4349.85it/s, Materializing param=distilbert.transformer.layer.5.attention.k_lin.bias]
Loading weights:  84%|\u2588\u2588\u2588\u2588\u2588\u2588\u2588\u2588\u258e | 87/104 [00:00<00:00, 4349.85it/s, Materializing param=distilbert.transformer.layer.5.attention.k_lin.bias]
Loading weights:  85%|\u2588\u2588\u2588\u2588\u2588\u2588\u2588\u2588\u258d | 88/104 [00:00<00:00, 4399.85it/s, Materializing param=distilbert.transformer.layer.5.attention.k_lin.weight]
Loading weights:  85%|\u2588\u2588\u2588\u2588\u2588\u2588\u2588\u2588\u258d | 88/104 [00:00<00:00, 4399.85it/s, Materializing param=distilbert.transformer.layer.5.attention.k_lin.weight]
Loading weights:  86%|\u2588\u2588\u2588\u2588\u2588\u2588\u2588\u2588\u258c | 89/104 [00:00<00:00, 4449.85it/s, Materializing param=distilbert.transformer.layer.5.attention.out_lin.bias]
Loading weights:  86%|\u2588\u2588\u2588\u2588\u2588\u2588\u2588\u2588\u258c | 89/104 [00:00<00:00, 4449.85it/s, Materializing param=distilbert.transformer.layer.5.attention.out_lin.bias]
Loading weights:  87%|\u2588\u2588\u2588\u2588\u2588\u2588\u2588\u2588\u258b | 90/104 [00:00<00:00, 4499.84it/s, Materializing param=distilbert.transformer.layer.5.attention.out_lin.weight]
Loading weights:  87%|\u2588\u2588\u2588\u2588\u2588\u2588\u2588\u2588\u258b | 90/104 [00:00<00:00, 4499.84it/s, Materializing param=distilbert.transformer.layer.5.attention.out_lin.weight]
Loading weights:  88%|\u2588\u2588\u2588\u2588\u2588\u2588\u2588\u2588\u258a | 91/104 [00:00<00:00, 4549.84it/s, Materializing param=distilbert.transformer.layer.5.attention.q_lin.bias]    
Loading weights:  88%|\u2588\u2588\u2588\u2588\u2588\u2588\u2588\u2588\u258a | 91/104 [00:00<00:00, 4549.84it/s, Materializing param=distilbert.transformer.layer.5.attention.q_lin.bias]
Loading weights:  88%|\u2588\u2588\u2588\u2588\u2588\u2588\u2588\u2588\u258a | 92/104 [00:00<00:00, 4599.84it/s, Materializing param=distilbert.transformer.layer.5.attention.q_lin.weight]
Loading weights:  88%|\u2588\u2588\u2588\u2588\u2588\u2588\u2588\u2588\u258a | 92/104 [00:00<00:00, 4380.77it/s, Materializing param=distilbert.transformer.layer.5.attention.q_lin.weight]
Loading weights:  89%|\u2588\u2588\u2588\u2588\u2588\u2588\u2588\u2588\u2589 | 93/104 [00:00<00:00, 4428.39it/s, Materializing param=distilbert.transformer.layer.5.attention.v_lin.bias]  
Loading weights:  89%|\u2588\u2588\u2588\u2588\u2588\u2588\u2588\u2588\u2589 | 93/104 [00:00<00:00, 4428.39it/s, Materializing param=distilbert.transformer.layer.5.attention.v_lin.bias]
Loading weights:  90%|\u2588\u2588\u2588\u2588\u2588\u2588\u2588\u2588\u2588 | 94/104 [00:00<00:00, 4476.01it/s, Materializing param=distilbert.transformer.layer.5.attention.v_lin.weight]
Loading weights:  90%|\u2588\u2588\u2588\u2588\u2588\u2588\u2588\u2588\u2588 | 94/104 [00:00<00:00, 4476.01it/s, Materializing param=distilbert.transformer.layer.5.attention.v_lin.weight]
Loading weights:  91%|\u2588\u2588\u2588\u2588\u2588\u2588\u2588\u2588\u2588\u258f| 95/104 [00:00<00:00, 4523.62it/s, Materializing param=distilbert.transformer.layer.5.ffn.lin1.bias]         
Loading weights:  91%|\u2588\u2588\u2588\u2588\u2588\u2588\u2588\u2588\u2588\u258f| 95/104 [00:00<00:00, 4523.62it/s, Materializing param=distilbert.transformer.layer.5.ffn.lin1.bias]
Loading weights:  92%|\u2588\u2588\u2588\u2588\u2588\u2588\u2588\u2588\u2588\u258f| 96/104 [00:00<00:00, 4571.24it/s, Materializing param=distilbert.transformer.layer.5.ffn.lin1.weight]
Loading weights:  92%|\u2588\u2588\u2588\u2588\u2588\u2588\u2588\u2588\u2588\u258f| 96/104 [00:00<00:00, 4571.24it/s, Materializing param=distilbert.transformer.layer.5.ffn.lin1.weight]
Loading weights:  93%|\u2588\u2588\u2588\u2588\u2588\u2588\u2588\u2588\u2588\u258e| 97/104 [00:00<00:00, 4408.84it/s, Materializing param=distilbert.transformer.layer.5.ffn.lin2.bias]  
Loading weights:  93%|\u2588\u2588\u2588\u2588\u2588\u2588\u2588\u2588\u2588\u258e| 97/104 [00:00<00:00, 4408.84it/s, Materializing param=distilbert.transformer.layer.5.ffn.lin2.bias]
Loading weights:  94%|\u2588\u2588\u2588\u2588\u2588\u2588\u2588\u2588\u2588\u258d| 98/104 [00:00<00:00, 4454.29it/s, Materializing param=distilbert.transformer.layer.5.ffn.lin2.weight]
Loading weights:  94%|\u2588\u2588\u2588\u2588\u2588\u2588\u2588\u2588\u2588\u258d| 98/104 [00:00<00:00, 4454.29it/s, Materializing param=distilbert.transformer.layer.5.ffn.lin2.weight]
Loading weights:  95%|\u2588\u2588\u2588\u2588\u2588\u2588\u2588\u2588\u2588\u258c| 99/104 [00:00<00:00, 4499.74it/s, Materializing param=distilbert.transformer.layer.5.output_layer_norm.bias]
Loading weights:  95%|\u2588\u2588\u2588\u2588\u2588\u2588\u2588\u2588\u2588\u258c| 99/104 [00:00<00:00, 4499.74it/s, Materializing param=distilbert.transformer.layer.5.output_layer_norm.bias]
Loading weights:  96%|\u2588\u2588\u2588\u2588\u2588\u2588\u2588\u2588\u2588\u258c| 100/104 [00:00<00:00, 4545.19it/s, Materializing param=distilbert.transformer.layer.5.output_layer_norm.weight]
Loading weights:  96%|\u2588\u2588\u2588\u2588\u2588\u2588\u2588\u2588\u2588\u258c| 100/104 [00:00<00:00, 4545.19it/s, Materializing param=distilbert.transformer.layer.5.output_layer_norm.weight]
Loading weights:  97%|\u2588\u2588\u2588\u2588\u2588\u2588\u2588\u2588\u2588\u258b| 101/104 [00:00<00:00, 4590.64it/s, Materializing param=distilbert.transformer.layer.5.sa_layer_norm.bias]      
Loading weights:  97%|\u2588\u2588\u2588\u2588\u2588\u2588\u2588\u2588\u2588\u258b| 101/104 [00:00<00:00, 4590.64it/s, Materializing param=distilbert.transformer.layer.5.sa_layer_norm.bias]
Loading weights:  98%|\u2588\u2588\u2588\u2588\u2588\u2588\u2588\u2588\u2588\u258a| 102/104 [00:00<00:00, 4636.10it/s, Materializing param=distilbert.transformer.layer.5.sa_layer_norm.weight]
Loading weights:  98%|\u2588\u2588\u2588\u2588\u2588\u2588\u2588\u2588\u2588\u258a| 102/104 [00:00<00:00, 4434.51it/s, Materializing param=distilbert.transformer.layer.5.sa_layer_norm.weight]
Loading weights:  99%|\u2588\u2588\u2588\u2588\u2588\u2588\u2588\u2588\u2588\u2589| 103/104 [00:00<00:00, 4291.51it/s, Materializing param=pre_classifier.bias]                                
Loading weights:  99%|\u2588\u2588\u2588\u2588\u2588\u2588\u2588\u2588\u2588\u2589| 103/104 [00:00<00:00, 4291.51it/s, Materializing param=pre_classifier.bias]
Loading weights: 100%|\u2588\u2588\u2588\u2588\u2588\u2588\u2588\u2588\u2588\u2588| 104/104 [00:00<00:00, 4333.17it/s, Materializing param=pre_classifier.weight]
Loading weights: 100%|\u2588\u2588\u2588\u2588\u2588\u2588\u2588\u2588\u2588\u2588| 104/104 [00:00<00:00, 4333.17it/s, Materializing param=pre_classifier.weight]
Loading weights: 100%|\u2588\u2588\u2588\u2588\u2588\u2588\u2588\u2588\u2588\u2588| 104/104 [00:00<00:00, 4333.17it/s, Materializing param=pre_classifier.weight]
L:\GOODCUBE\projects\goodq4all\steps\sentiment\step.py:76: FutureWarning: `torch.cuda.amp.autocast(args...)` is deprecated. Please use `torch.amp.autocast('cuda', args...)` instead.
  with torch.cuda.amp.autocast():
ERROR conda.cli.main_run:execute(127): `conda run python L:\GOODCUBE\projects\goodq4all\cli\step_runner.py --step sentiment --in C:\Users\jdben\AppData\Local\Temp\ingest_step_e2fdc3qk\input.json --out C:\Users\jdben\AppData\Local\Temp\ingest_step_e2fdc3qk\output.json --cfg L:\GOODCUBE\projects\goodq4all\reports\seinfeld_experiment\reruns\20260308_season1_witness_run\workspace\_resolved_config.json` failed. (See above for error)
[RUN] Native crash detected for step=tagger return_code=3221226505 status_code=0xC0000409 retry=1/1
[RUN] Native crash env fingerprint step=tagger {"event": "subprocess_env_fingerprint", "step": "tagger", "pid": 151384, "env": {"OMP_NUM_THREADS": "1", "MKL_NUM_THREADS": "1", "NUMEXPR_MAX_THREADS": "1", "TOKENIZERS_PARALLELISM": "false"}, "fingerprint": "4bca618bb4a5b4e2"}
[retry] [WARN] Native crash for tagger (0xC0000409); retrying once
[RUN] Native crash detected for step=tagger return_code=3221226505 status_code=0xC0000409 retry=1/1
[RUN] Native crash env fingerprint step=tagger {"event": "subprocess_env_fingerprint", "step": "tagger", "pid": 163392, "env": {"OMP_NUM_THREADS": "1", "MKL_NUM_THREADS": "1", "NUMEXPR_MAX_THREADS": "1", "TOKENIZERS_PARALLELISM": "false"}, "fingerprint": "d95ec6247b721761"}
[retry] [WARN] Native crash for tagger (0xC0000409); retrying once
[AUDIO] Optional step failed env=goodq_audio_embed step=audio_embed_clap scene_id=c959dae3f7cb46b070f8805c886dac28a7742730fb537511f7be888c78938f5c scene_index=7 error=Step audio_embed_clap failed (goodq_audio_embed)
STDOUT: 
STDERR: Using cache found in L:\_DATA\models\hub\snakers4_silero-vad_master
ERROR conda.cli.main_run:execute(127): `conda run python L:\GOODCUBE\projects\goodq4all\cli\step_runner.py --step audio_embed_clap --in C:\Users\jdben\AppData\Local\Temp\ingest_step_qe64zhgw\input.json --out C:\Users\jdben\AppData\Local\Temp\ingest_step_qe64zhgw\output.json --cfg L:\GOODCUBE\projects\goodq4all\reports\seinfeld_experiment\reruns\20260308_season1_witness_run\workspace\_resolved_config.json` failed. (See above for error)
[RUN] Native crash detected for step=tagger return_code=3221226505 status_code=0xC0000409 retry=1/1
[RUN] Native crash env fingerprint step=tagger {"event": "subprocess_env_fingerprint", "step": "tagger", "pid": 9560, "env": {"OMP_NUM_THREADS": "1", "MKL_NUM_THREADS": "1", "NUMEXPR_MAX_THREADS": "1", "TOKENIZERS_PARALLELISM": "false"}, "fingerprint": "d81afe455dedcc00"}
[retry] [WARN] Native crash for tagger (0xC0000409); retrying once
[RUN] Native crash detected for step=tagger return_code=3221226505 status_code=0xC0000409 retry=1/1
[RUN] Native crash env fingerprint step=tagger {"event": "subprocess_env_fingerprint", "step": "tagger", "pid": 138652, "env": {"OMP_NUM_THREADS": "1", "MKL_NUM_THREADS": "1", "NUMEXPR_MAX_THREADS": "1", "TOKENIZERS_PARALLELISM": "false"}, "fingerprint": "1bc1433d55ab860a"}
[retry] [WARN] Native crash for tagger (0xC0000409); retrying once
[AUDIO] Optional step failed env=goodq_core step=sentiment scene_id=6dc3d1f7f351c2fdac3fa418bc6e15794db66751d02f1c8e8558afd4b11923e3 scene_index=33 error=Step sentiment failed (goodq_core)
STDOUT: 
STDERR: Warning: You are sending unauthenticated requests to the HF Hub. Please set a HF_TOKEN to enable higher rate limits and faster downloads.

Loading weights:   0%|          | 0/104 [00:00<?, ?it/s]
Loading weights:   1%|          | 1/104 [00:00<?, ?it/s, Materializing param=classifier.bias]
Loading weights:   1%|          | 1/104 [00:00<?, ?it/s, Materializing param=classifier.bias]
Loading weights:   2%|\u258f         | 2/104 [00:00<00:00, 1995.86it/s, Materializing param=classifier.weight]
Loading weights:   2%|\u258f         | 2/104 [00:00<00:00, 1995.86it/s, Materializing param=classifier.weight]
Loading weights:   3%|\u258e         | 3/104 [00:00<00:00, 2993.79it/s, Materializing param=distilbert.embeddings.LayerNorm.bias]
Loading weights:   3%|\u258e         | 3/104 [00:00<00:00, 2993.79it/s, Materializing param=distilbert.embeddings.LayerNorm.bias]
Loading weights:   4%|\u258d         | 4/104 [00:00<00:00, 1999.67it/s, Materializing param=distilbert.embeddings.LayerNorm.weight]
Loading weights:   4%|\u258d         | 4/104 [00:00<00:00, 1999.67it/s, Materializing param=distilbert.embeddings.LayerNorm.weight]
Loading weights:   5%|\u258d         | 5/104 [00:00<00:00, 2499.59it/s, Materializing param=distilbert.embeddings.position_embeddings.weight]
Loading weights:   5%|\u258d         | 5/104 [00:00<00:00, 1666.79it/s, Materializing param=distilbert.embeddings.position_embeddings.weight]
Loading weights:   6%|\u258c         | 6/104 [00:00<00:00, 1499.93it/s, Materializing param=distilbert.embeddings.word_embeddings.weight]    
Loading weights:   6%|\u258c         | 6/104 [00:00<00:00, 1499.93it/s, Materializing param=distilbert.embeddings.word_embeddings.weight]
Loading weights:   7%|\u258b         | 7/104 [00:00<00:00, 1400.03it/s, Materializing param=distilbert.transformer.layer.0.attention.k_lin.bias]
Loading weights:   7%|\u258b         | 7/104 [00:00<00:00, 1400.03it/s, Materializing param=distilbert.transformer.layer.0.attention.k_lin.bias]
Loading weights:   8%|\u258a         | 8/104 [00:00<00:00, 1600.04it/s, Materializing param=distilbert.transformer.layer.0.attention.k_lin.weight]
Loading weights:   8%|\u258a         | 8/104 [00:00<00:00, 1600.04it/s, Materializing param=distilbert.transformer.layer.0.attention.k_lin.weight]
Loading weights:   9%|\u258a         | 9/104 [00:00<00:00, 1800.04it/s, Materializing param=distilbert.transformer.layer.0.attention.out_lin.bias]
Loading weights:   9%|\u258a         | 9/104 [00:00<00:00, 1800.04it/s, Materializing param=distilbert.transformer.layer.0.attention.out_lin.bias]
Loading weights:  10%|\u2589         | 10/104 [00:00<00:00, 2000.05it/s, Materializing param=distilbert.transformer.layer.0.attention.out_lin.weight]
Loading weights:  10%|\u2589         | 10/104 [00:00<00:00, 2000.05it/s, Materializing param=distilbert.transformer.layer.0.attention.out_lin.weight]
Loading weights:  11%|\u2588         | 11/104 [00:00<00:00, 2200.05it/s, Materializing param=distilbert.transformer.layer.0.attention.q_lin.bias]    
Loading weights:  11%|\u2588         | 11/104 [00:00<00:00, 1833.32it/s, Materializing param=distilbert.transformer.layer.0.attention.q_lin.bias]
Loading weights:  12%|\u2588\u258f        | 12/104 [00:00<00:00, 444.44it/s, Materializing param=distilbert.transformer.layer.0.attention.q_lin.weight]
Loading weights:  12%|\u2588\u258f        | 12/104 [00:00<00:00, 444.44it/s, Materializing param=distilbert.transformer.layer.0.attention.q_lin.weight]
Loading weights:  12%|\u2588\u258e        | 13/104 [00:00<00:00, 481.47it/s, Materializing param=distilbert.transformer.layer.0.attention.v_lin.bias]  
Loading weights:  12%|\u2588\u258e        | 13/104 [00:00<00:00, 481.47it/s, Materializing param=distilbert.transformer.layer.0.attention.v_lin.bias]
Loading weights:  13%|\u2588\u258e        | 14/104 [00:00<00:00, 518.51it/s, Materializing param=distilbert.transformer.layer.0.attention.v_lin.weight]
Loading weights:  13%|\u2588\u258e        | 14/104 [00:00<00:00, 518.51it/s, Materializing param=distilbert.transformer.layer.0.attention.v_lin.weight]
Loading weights:  14%|\u2588\u258d        | 15/104 [00:00<00:00, 555.55it/s, Materializing param=distilbert.transformer.layer.0.ffn.lin1.bias]         
Loading weights:  14%|\u2588\u258d        | 15/104 [00:00<00:00, 555.55it/s, Materializing param=distilbert.transformer.layer.0.ffn.lin1.bias]
Loading weights:  15%|\u2588\u258c        | 16/104 [00:00<00:00, 484.85it/s, Materializing param=distilbert.transformer.layer.0.ffn.lin1.weight]
Loading weights:  15%|\u2588\u258c        | 16/104 [00:00<00:00, 484.85it/s, Materializing param=distilbert.transformer.layer.0.ffn.lin1.weight]
Loading weights:  16%|\u2588\u258b        | 17/104 [00:00<00:00, 515.15it/s, Materializing param=distilbert.transformer.layer.0.ffn.lin2.bias]  
Loading weights:  16%|\u2588\u258b        | 17/104 [00:00<00:00, 515.15it/s, Materializing param=distilbert.transformer.layer.0.ffn.lin2.bias]
Loading weights:  17%|\u2588\u258b        | 18/104 [00:00<00:00, 545.45it/s, Materializing param=distilbert.transformer.layer.0.ffn.lin2.weight]
Loading weights:  17%|\u2588\u258b        | 18/104 [00:00<00:00, 545.45it/s, Materializing param=distilbert.transformer.layer.0.ffn.lin2.weight]
Loading weights:  18%|\u2588\u258a        | 19/104 [00:00<00:00, 575.76it/s, Materializing param=distilbert.transformer.layer.0.output_layer_norm.bias]
Loading weights:  18%|\u2588\u258a        | 19/104 [00:00<00:00, 575.76it/s, Materializing param=distilbert.transformer.layer.0.output_layer_norm.bias]
Loading weights:  19%|\u2588\u2589        | 20/104 [00:00<00:00, 606.06it/s, Materializing param=distilbert.transformer.layer.0.output_layer_norm.weight]
Loading weights:  19%|\u2588\u2589        | 20/104 [00:00<00:00, 606.06it/s, Materializing param=distilbert.transformer.layer.0.output_layer_norm.weight]
Loading weights:  20%|\u2588\u2588        | 21/104 [00:00<00:00, 617.61it/s, Materializing param=distilbert.transformer.layer.0.sa_layer_norm.bias]      
Loading weights:  20%|\u2588\u2588        | 21/104 [00:00<00:00, 617.61it/s, Materializing param=distilbert.transformer.layer.0.sa_layer_norm.bias]
Loading weights:  21%|\u2588\u2588        | 22/104 [00:00<00:00, 647.02it/s, Materializing param=distilbert.transformer.layer.0.sa_layer_norm.weight]
Loading weights:  21%|\u2588\u2588        | 22/104 [00:00<00:00, 647.02it/s, Materializing param=distilbert.transformer.layer.0.sa_layer_norm.weight]
Loading weights:  22%|\u2588\u2588\u258f       | 23/104 [00:00<00:00, 676.43it/s, Materializing param=distilbert.transformer.layer.1.attention.k_lin.bias]
Loading weights:  22%|\u2588\u2588\u258f       | 23/104 [00:00<00:00, 676.43it/s, Materializing param=distilbert.transformer.layer.1.attention.k_lin.bias]
Loading weights:  23%|\u2588\u2588\u258e       | 24/104 [00:00<00:00, 705.84it/s, Materializing param=distilbert.transformer.layer.1.attention.k_lin.weight]
Loading weights:  23%|\u2588\u2588\u258e       | 24/104 [00:00<00:00, 705.84it/s, Materializing param=distilbert.transformer.layer.1.attention.k_lin.weight]
Loading weights:  24%|\u2588\u2588\u258d       | 25/104 [00:00<00:00, 675.67it/s, Materializing param=distilbert.transformer.layer.1.attention.out_lin.bias]
Loading weights:  24%|\u2588\u2588\u258d       | 25/104 [00:00<00:00, 675.67it/s, Materializing param=distilbert.transformer.layer.1.attention.out_lin.bias]
Loading weights:  25%|\u2588\u2588\u258c       | 26/104 [00:00<00:00, 702.70it/s, Materializing param=distilbert.transformer.layer.1.attention.out_lin.weight]
Loading weights:  25%|\u2588\u2588\u258c       | 26/104 [00:00<00:00, 702.70it/s, Materializing param=distilbert.transformer.layer.1.attention.out_lin.weight]
Loading weights:  26%|\u2588\u2588\u258c       | 27/104 [00:00<00:00, 729.73it/s, Materializing param=distilbert.transformer.layer.1.attention.q_lin.bias]    
Loading weights:  26%|\u2588\u2588\u258c       | 27/104 [00:00<00:00, 729.73it/s, Materializing param=distilbert.transformer.layer.1.attention.q_lin.bias]
Loading weights:  27%|\u2588\u2588\u258b       | 28/104 [00:00<00:00, 736.84it/s, Materializing param=distilbert.transformer.layer.1.attention.q_lin.weight]
Loading weights:  27%|\u2588\u2588\u258b       | 28/104 [00:00<00:00, 736.84it/s, Materializing param=distilbert.transformer.layer.1.attention.q_lin.weight]
Loading weights:  28%|\u2588\u2588\u258a       | 29/104 [00:00<00:00, 763.15it/s, Materializing param=distilbert.transformer.layer.1.attention.v_lin.bias]  
Loading weights:  28%|\u2588\u2588\u258a       | 29/104 [00:00<00:00, 763.15it/s, Materializing param=distilbert.transformer.layer.1.attention.v_lin.bias]
Loading weights:  29%|\u2588\u2588\u2589       | 30/104 [00:00<00:00, 789.47it/s, Materializing param=distilbert.transformer.layer.1.attention.v_lin.weight]
Loading weights:  29%|\u2588\u2588\u2589       | 30/104 [00:00<00:00, 789.47it/s, Materializing param=distilbert.transformer.layer.1.attention.v_lin.weight]
Loading weights:  30%|\u2588\u2588\u2589       | 31/104 [00:00<00:00, 815.78it/s, Materializing param=distilbert.transformer.layer.1.ffn.lin1.bias]         
Loading weights:  30%|\u2588\u2588\u2589       | 31/104 [00:00<00:00, 815.78it/s, Materializing param=distilbert.transformer.layer.1.ffn.lin1.bias]
Loading weights:  31%|\u2588\u2588\u2588       | 32/104 [00:00<00:00, 820.51it/s, Materializing param=distilbert.transformer.layer.1.ffn.lin1.weight]
Loading weights:  31%|\u2588\u2588\u2588       | 32/104 [00:00<00:00, 820.51it/s, Materializing param=distilbert.transformer.layer.1.ffn.lin1.weight]
Loading weights:  32%|\u2588\u2588\u2588\u258f      | 33/104 [00:00<00:00, 846.15it/s, Materializing param=distilbert.transformer.layer.1.ffn.lin2.bias]  
Loading weights:  32%|\u2588\u2588\u2588\u258f      | 33/104 [00:00<00:00, 846.15it/s, Materializing param=distilbert.transformer.layer.1.ffn.lin2.bias]
Loading weights:  33%|\u2588\u2588\u2588\u258e      | 34/104 [00:00<00:00, 871.79it/s, Materializing param=distilbert.transformer.layer.1.ffn.lin2.weight]
Loading weights:  33%|\u2588\u2588\u2588\u258e      | 34/104 [00:00<00:00, 871.79it/s, Materializing param=distilbert.transformer.layer.1.ffn.lin2.weight]
Loading weights:  34%|\u2588\u2588\u2588\u258e      | 35/104 [00:00<00:00, 897.43it/s, Materializing param=distilbert.transformer.layer.1.output_layer_norm.bias]
Loading weights:  34%|\u2588\u2588\u2588\u258e      | 35/104 [00:00<00:00, 897.43it/s, Materializing param=distilbert.transformer.layer.1.output_layer_norm.bias]
Loading weights:  35%|\u2588\u2588\u2588\u258d      | 36/104 [00:00<00:00, 923.07it/s, Materializing param=distilbert.transformer.layer.1.output_layer_norm.weight]
Loading weights:  35%|\u2588\u2588\u2588\u258d      | 36/104 [00:00<00:00, 923.07it/s, Materializing param=distilbert.transformer.layer.1.output_layer_norm.weight]
Loading weights:  36%|\u2588\u2588\u2588\u258c      | 37/104 [00:00<00:00, 925.00it/s, Materializing param=distilbert.transformer.layer.1.sa_layer_norm.bias]      
Loading weights:  36%|\u2588\u2588\u2588\u258c      | 37/104 [00:00<00:00, 925.00it/s, Materializing param=distilbert.transformer.layer.1.sa_layer_norm.bias]
Loading weights:  37%|\u2588\u2588\u2588\u258b      | 38/104 [00:00<00:00, 950.00it/s, Materializing param=distilbert.transformer.layer.1.sa_layer_norm.weight]
Loading weights:  37%|\u2588\u2588\u2588\u258b      | 38/104 [00:00<00:00, 950.00it/s, Materializing param=distilbert.transformer.layer.1.sa_layer_norm.weight]
Loading weights:  38%|\u2588\u2588\u2588\u258a      | 39/104 [00:00<00:00, 975.00it/s, Materializing param=distilbert.transformer.layer.2.attention.k_lin.bias]
Loading weights:  38%|\u2588\u2588\u2588\u258a      | 39/104 [00:00<00:00, 975.00it/s, Materializing param=distilbert.transformer.layer.2.attention.k_lin.bias]
Loading weights:  38%|\u2588\u2588\u2588\u258a      | 40/104 [00:00<00:00, 1000.00it/s, Materializing param=distilbert.transformer.layer.2.attention.k_lin.weight]
Loading weights:  38%|\u2588\u2588\u2588\u258a      | 40/104 [00:00<00:00, 1000.00it/s, Materializing param=distilbert.transformer.layer.2.attention.k_lin.weight]
Loading weights:  39%|\u2588\u2588\u2588\u2589      | 41/104 [00:00<00:00, 1025.00it/s, Materializing param=distilbert.transformer.layer.2.attention.out_lin.bias]
Loading weights:  39%|\u2588\u2588\u2588\u2589      | 41/104 [00:00<00:00, 999.99it/s, Materializing param=distilbert.transformer.layer.2.attention.out_lin.bias] 
Loading weights:  40%|\u2588\u2588\u2588\u2588      | 42/104 [00:00<00:00, 1024.38it/s, Materializing param=distilbert.transformer.layer.2.attention.out_lin.weight]
Loading weights:  40%|\u2588\u2588\u2588\u2588      | 42/104 [00:00<00:00, 1024.38it/s, Materializing param=distilbert.transformer.layer.2.attention.out_lin.weight]
Loading weights:  41%|\u2588\u2588\u2588\u2588\u258f     | 43/104 [00:00<00:00, 1048.77it/s, Materializing param=distilbert.transformer.layer.2.attention.q_lin.bias]    
Loading weights:  41%|\u2588\u2588\u2588\u2588\u258f     | 43/104 [00:00<00:00, 1048.77it/s, Materializing param=distilbert.transformer.layer.2.attention.q_lin.bias]
Loading weights:  42%|\u2588\u2588\u2588\u2588\u258f     | 44/104 [00:00<00:00, 1073.16it/s, Materializing param=distilbert.transformer.layer.2.attention.q_lin.weight]
Loading weights:  42%|\u2588\u2588\u2588\u2588\u258f     | 44/104 [00:00<00:00, 1073.16it/s, Materializing param=distilbert.transformer.layer.2.attention.q_lin.weight]
Loading weights:  43%|\u2588\u2588\u2588\u2588\u258e     | 45/104 [00:00<00:00, 1097.55it/s, Materializing param=distilbert.transformer.layer.2.attention.v_lin.bias]  
Loading weights:  43%|\u2588\u2588\u2588\u2588\u258e     | 45/104 [00:00<00:00, 1097.55it/s, Materializing param=distilbert.transformer.layer.2.attention.v_lin.bias]
Loading weights:  44%|\u2588\u2588\u2588\u2588\u258d     | 46/104 [00:00<00:00, 1095.24it/s, Materializing param=distilbert.transformer.layer.2.attention.v_lin.weight]
Loading weights:  44%|\u2588\u2588\u2588\u2588\u258d     | 46/104 [00:00<00:00, 1095.24it/s, Materializing param=distilbert.transformer.layer.2.attention.v_lin.weight]
Loading weights:  45%|\u2588\u2588\u2588\u2588\u258c     | 47/104 [00:00<00:00, 1119.05it/s, Materializing param=distilbert.transformer.layer.2.ffn.lin1.bias]         
Loading weights:  45%|\u2588\u2588\u2588\u2588\u258c     | 47/104 [00:00<00:00, 1119.05it/s, Materializing param=distilbert.transformer.layer.2.ffn.lin1.bias]
Loading weights:  46%|\u2588\u2588\u2588\u2588\u258c     | 48/104 [00:00<00:00, 1142.86it/s, Materializing param=distilbert.transformer.layer.2.ffn.lin1.weight]
Loading weights:  46%|\u2588\u2588\u2588\u2588\u258c     | 48/104 [00:00<00:00, 1142.86it/s, Materializing param=distilbert.transformer.layer.2.ffn.lin1.weight]
Loading weights:  47%|\u2588\u2588\u2588\u2588\u258b     | 49/104 [00:00<00:00, 1166.67it/s, Materializing param=distilbert.transformer.layer.2.ffn.lin2.bias]  
Loading weights:  47%|\u2588\u2588\u2588\u2588\u258b     | 49/104 [00:00<00:00, 1166.67it/s, Materializing param=distilbert.transformer.layer.2.ffn.lin2.bias]
Loading weights:  48%|\u2588\u2588\u2588\u2588\u258a     | 50/104 [00:00<00:00, 1162.78it/s, Materializing param=distilbert.transformer.layer.2.ffn.lin2.weight]
Loading weights:  48%|\u2588\u2588\u2588\u2588\u258a     | 50/104 [00:00<00:00, 1162.78it/s, Materializing param=distilbert.transformer.layer.2.ffn.lin2.weight]
Loading weights:  49%|\u2588\u2588\u2588\u2588\u2589     | 51/104 [00:00<00:00, 1186.03it/s, Materializing param=distilbert.transformer.layer.2.output_layer_norm.bias]
Loading weights:  49%|\u2588\u2588\u2588\u2588\u2589     | 51/104 [00:00<00:00, 1186.03it/s, Materializing param=distilbert.transformer.layer.2.output_layer_norm.bias]
Loading weights:  50%|\u2588\u2588\u2588\u2588\u2588     | 52/104 [00:00<00:00, 1181.79it/s, Materializing param=distilbert.transformer.layer.2.output_layer_norm.weight]
Loading weights:  50%|\u2588\u2588\u2588\u2588\u2588     | 52/104 [00:00<00:00, 1181.79it/s, Materializing param=distilbert.transformer.layer.2.output_layer_norm.weight]
Loading weights:  51%|\u2588\u2588\u2588\u2588\u2588     | 53/104 [00:00<00:00, 1204.52it/s, Materializing param=distilbert.transformer.layer.2.sa_layer_norm.bias]      
Loading weights:  51%|\u2588\u2588\u2588\u2588\u2588     | 53/104 [00:00<00:00, 1204.52it/s, Materializing param=distilbert.transformer.layer.2.sa_layer_norm.bias]
Loading weights:  52%|\u2588\u2588\u2588\u2588\u2588\u258f    | 54/104 [00:00<00:00, 1227.25it/s, Materializing param=distilbert.transformer.layer.2.sa_layer_norm.weight]
Loading weights:  52%|\u2588\u2588\u2588\u2588\u2588\u258f    | 54/104 [00:00<00:00, 1227.25it/s, Materializing param=distilbert.transformer.layer.2.sa_layer_norm.weight]
Loading weights:  53%|\u2588\u2588\u2588\u2588\u2588\u258e    | 55/104 [00:00<00:00, 1249.98it/s, Materializing param=distilbert.transformer.layer.3.attention.k_lin.bias]
Loading weights:  53%|\u2588\u2588\u2588\u2588\u2588\u258e    | 55/104 [00:00<00:00, 1249.98it/s, Materializing param=distilbert.transformer.layer.3.attention.k_lin.bias]
Loading weights:  54%|\u2588\u2588\u2588\u2588\u2588\u258d    | 56/104 [00:00<00:00, 1272.70it/s, Materializing param=distilbert.transformer.layer.3.attention.k_lin.weight]
Loading weights:  54%|\u2588\u2588\u2588\u2588\u2588\u258d    | 56/104 [00:00<00:00, 1272.70it/s, Materializing param=distilbert.transformer.layer.3.attention.k_lin.weight]
Loading weights:  55%|\u2588\u2588\u2588\u2588\u2588\u258d    | 57/104 [00:00<00:00, 1266.65it/s, Materializing param=distilbert.transformer.layer.3.attention.out_lin.bias]
Loading weights:  55%|\u2588\u2588\u2588\u2588\u2588\u258d    | 57/104 [00:00<00:00, 1266.65it/s, Materializing param=distilbert.transformer.layer.3.attention.out_lin.bias]
Loading weights:  56%|\u2588\u2588\u2588\u2588\u2588\u258c    | 58/104 [00:00<00:00, 1288.87it/s, Materializing param=distilbert.transformer.layer.3.attention.out_lin.weight]
Loading weights:  56%|\u2588\u2588\u2588\u2588\u2588\u258c    | 58/104 [00:00<00:00, 1288.87it/s, Materializing param=distilbert.transformer.layer.3.attention.out_lin.weight]
Loading weights:  57%|\u2588\u2588\u2588\u2588\u2588\u258b    | 59/104 [00:00<00:00, 1311.09it/s, Materializing param=distilbert.transformer.layer.3.attention.q_lin.bias]    
Loading weights:  57%|\u2588\u2588\u2588\u2588\u2588\u258b    | 59/104 [00:00<00:00, 1311.09it/s, Materializing param=distilbert.transformer.layer.3.attention.q_lin.bias]
Loading weights:  58%|\u2588\u2588\u2588\u2588\u2588\u258a    | 60/104 [00:00<00:00, 1333.32it/s, Materializing param=distilbert.transformer.layer.3.attention.q_lin.weight]
Loading weights:  58%|\u2588\u2588\u2588\u2588\u2588\u258a    | 60/104 [00:00<00:00, 1199.80it/s, Materializing param=distilbert.transformer.layer.3.attention.q_lin.weight]
Loading weights:  59%|\u2588\u2588\u2588\u2588\u2588\u258a    | 61/104 [00:00<00:00, 1219.80it/s, Materializing param=distilbert.transformer.layer.3.attention.v_lin.bias]  
Loading weights:  59%|\u2588\u2588\u2588\u2588\u2588\u258a    | 61/104 [00:00<00:00, 1219.80it/s, Materializing param=distilbert.transformer.layer.3.attention.v_lin.bias]
Loading weights:  60%|\u2588\u2588\u2588\u2588\u2588\u2589    | 62/104 [00:00<00:00, 1239.79it/s, Materializing param=distilbert.transformer.layer.3.attention.v_lin.weight]
Loading weights:  60%|\u2588\u2588\u2588\u2588\u2588\u2589    | 62/104 [00:00<00:00, 1239.79it/s, Materializing param=distilbert.transformer.layer.3.attention.v_lin.weight]
Loading weights:  61%|\u2588\u2588\u2588\u2588\u2588\u2588    | 63/104 [00:00<00:00, 1235.29it/s, Materializing param=distilbert.transformer.layer.3.ffn.lin1.bias]         
Loading weights:  61%|\u2588\u2588\u2588\u2588\u2588\u2588    | 63/104 [00:00<00:00, 1235.29it/s, Materializing param=distilbert.transformer.layer.3.ffn.lin1.bias]
Loading weights:  62%|\u2588\u2588\u2588\u2588\u2588\u2588\u258f   | 64/104 [00:00<00:00, 1254.89it/s, Materializing param=distilbert.transformer.layer.3.ffn.lin1.weight]
Loading weights:  62%|\u2588\u2588\u2588\u2588\u2588\u2588\u258f   | 64/104 [00:00<00:00, 1254.89it/s, Materializing param=distilbert.transformer.layer.3.ffn.lin1.weight]
Loading weights:  62%|\u2588\u2588\u2588\u2588\u2588\u2588\u258e   | 65/104 [00:00<00:00, 1274.50it/s, Materializing param=distilbert.transformer.layer.3.ffn.lin2.bias]  
Loading weights:  62%|\u2588\u2588\u2588\u2588\u2588\u2588\u258e   | 65/104 [00:00<00:00, 1274.50it/s, Materializing param=distilbert.transformer.layer.3.ffn.lin2.bias]
Loading weights:  63%|\u2588\u2588\u2588\u2588\u2588\u2588\u258e   | 66/104 [00:00<00:00, 1294.11it/s, Materializing param=distilbert.transformer.layer.3.ffn.lin2.weight]
Loading weights:  63%|\u2588\u2588\u2588\u2588\u2588\u2588\u258e   | 66/104 [00:00<00:00, 1294.11it/s, Materializing param=distilbert.transformer.layer.3.ffn.lin2.weight]
Loading weights:  64%|\u2588\u2588\u2588\u2588\u2588\u2588\u258d   | 67/104 [00:00<00:00, 1313.72it/s, Materializing param=distilbert.transformer.layer.3.output_layer_norm.bias]
Loading weights:  64%|\u2588\u2588\u2588\u2588\u2588\u2588\u258d   | 67/104 [00:00<00:00, 1313.72it/s, Materializing param=distilbert.transformer.layer.3.output_layer_norm.bias]
Loading weights:  65%|\u2588\u2588\u2588\u2588\u2588\u2588\u258c   | 68/104 [00:00<00:00, 1307.68it/s, Materializing param=distilbert.transformer.layer.3.output_layer_norm.weight]
Loading weights:  65%|\u2588\u2588\u2588\u2588\u2588\u2588\u258c   | 68/104 [00:00<00:00, 1307.68it/s, Materializing param=distilbert.transformer.layer.3.output_layer_norm.weight]
Loading weights:  66%|\u2588\u2588\u2588\u2588\u2588\u2588\u258b   | 69/104 [00:00<00:00, 1326.91it/s, Materializing param=distilbert.transformer.layer.3.sa_layer_norm.bias]      
Loading weights:  66%|\u2588\u2588\u2588\u2588\u2588\u2588\u258b   | 69/104 [00:00<00:00, 1326.91it/s, Materializing param=distilbert.transformer.layer.3.sa_layer_norm.bias]
Loading weights:  67%|\u2588\u2588\u2588\u2588\u2588\u2588\u258b   | 70/104 [00:00<00:00, 1346.14it/s, Materializing param=distilbert.transformer.layer.3.sa_layer_norm.weight]
Loading weights:  67%|\u2588\u2588\u2588\u2588\u2588\u2588\u258b   | 70/104 [00:00<00:00, 1346.14it/s, Materializing param=distilbert.transformer.layer.3.sa_layer_norm.weight]
Loading weights:  68%|\u2588\u2588\u2588\u2588\u2588\u2588\u258a   | 71/104 [00:00<00:00, 1365.37it/s, Materializing param=distilbert.transformer.layer.4.attention.k_lin.bias]
Loading weights:  68%|\u2588\u2588\u2588\u2588\u2588\u2588\u258a   | 71/104 [00:00<00:00, 1365.37it/s, Materializing param=distilbert.transformer.layer.4.attention.k_lin.bias]
Loading weights:  69%|\u2588\u2588\u2588\u2588\u2588\u2588\u2589   | 72/104 [00:00<00:00, 1384.60it/s, Materializing param=distilbert.transformer.layer.4.attention.k_lin.weight]
Loading weights:  69%|\u2588\u2588\u2588\u2588\u2588\u2588\u2589   | 72/104 [00:00<00:00, 1384.60it/s, Materializing param=distilbert.transformer.layer.4.attention.k_lin.weight]
Loading weights:  70%|\u2588\u2588\u2588\u2588\u2588\u2588\u2588   | 73/104 [00:00<00:00, 1403.83it/s, Materializing param=distilbert.transformer.layer.4.attention.out_lin.bias]
Loading weights:  70%|\u2588\u2588\u2588\u2588\u2588\u2588\u2588   | 73/104 [00:00<00:00, 1403.83it/s, Materializing param=distilbert.transformer.layer.4.attention.out_lin.bias]
Loading weights:  71%|\u2588\u2588\u2588\u2588\u2588\u2588\u2588   | 74/104 [00:00<00:00, 1396.22it/s, Materializing param=distilbert.transformer.layer.4.attention.out_lin.weight]
Loading weights:  71%|\u2588\u2588\u2588\u2588\u2588\u2588\u2588   | 74/104 [00:00<00:00, 1396.22it/s, Materializing param=distilbert.transformer.layer.4.attention.out_lin.weight]
Loading weights:  72%|\u2588\u2588\u2588\u2588\u2588\u2588\u2588\u258f  | 75/104 [00:00<00:00, 1415.09it/s, Materializing param=distilbert.transformer.layer.4.attention.q_lin.bias]    
Loading weights:  72%|\u2588\u2588\u2588\u2588\u2588\u2588\u2588\u258f  | 75/104 [00:00<00:00, 1415.09it/s, Materializing param=distilbert.transformer.layer.4.attention.q_lin.bias]
Loading weights:  73%|\u2588\u2588\u2588\u2588\u2588\u2588\u2588\u258e  | 76/104 [00:00<00:00, 1433.96it/s, Materializing param=distilbert.transformer.layer.4.attention.q_lin.weight]
Loading weights:  73%|\u2588\u2588\u2588\u2588\u2588\u2588\u2588\u258e  | 76/104 [00:00<00:00, 1433.96it/s, Materializing param=distilbert.transformer.layer.4.attention.q_lin.weight]
Loading weights:  74%|\u2588\u2588\u2588\u2588\u2588\u2588\u2588\u258d  | 77/104 [00:00<00:00, 1452.82it/s, Materializing param=distilbert.transformer.layer.4.attention.v_lin.bias]  
Loading weights:  74%|\u2588\u2588\u2588\u2588\u2588\u2588\u2588\u258d  | 77/104 [00:00<00:00, 1425.71it/s, Materializing param=distilbert.transformer.layer.4.attention.v_lin.bias]
Loading weights:  75%|\u2588\u2588\u2588\u2588\u2588\u2588\u2588\u258c  | 78/104 [00:00<00:00, 1444.22it/s, Materializing param=distilbert.transformer.layer.4.attention.v_lin.weight]
Loading weights:  75%|\u2588\u2588\u2588\u2588\u2588\u2588\u2588\u258c  | 78/104 [00:00<00:00, 1444.22it/s, Materializing param=distilbert.transformer.layer.4.attention.v_lin.weight]
Loading weights:  76%|\u2588\u2588\u2588\u2588\u2588\u2588\u2588\u258c  | 79/104 [00:00<00:00, 1462.74it/s, Materializing param=distilbert.transformer.layer.4.ffn.lin1.bias]         
Loading weights:  76%|\u2588\u2588\u2588\u2588\u2588\u2588\u2588\u258c  | 79/104 [00:00<00:00, 1462.74it/s, Materializing param=distilbert.transformer.layer.4.ffn.lin1.bias]
Loading weights:  77%|\u2588\u2588\u2588\u2588\u2588\u2588\u2588\u258b  | 80/104 [00:00<00:00, 1481.26it/s, Materializing param=distilbert.transformer.layer.4.ffn.lin1.weight]
Loading weights:  77%|\u2588\u2588\u2588\u2588\u2588\u2588\u2588\u258b  | 80/104 [00:00<00:00, 1481.26it/s, Materializing param=distilbert.transformer.layer.4.ffn.lin1.weight]
Loading weights:  78%|\u2588\u2588\u2588\u2588\u2588\u2588\u2588\u258a  | 81/104 [00:00<00:00, 1499.77it/s, Materializing param=distilbert.transformer.layer.4.ffn.lin2.bias]  
Loading weights:  78%|\u2588\u2588\u2588\u2588\u2588\u2588\u2588\u258a  | 81/104 [00:00<00:00, 1499.77it/s, Materializing param=distilbert.transformer.layer.4.ffn.lin2.bias]
Loading weights:  79%|\u2588\u2588\u2588\u2588\u2588\u2588\u2588\u2589  | 82/104 [00:00<00:00, 1518.29it/s, Materializing param=distilbert.transformer.layer.4.ffn.lin2.weight]
Loading weights:  79%|\u2588\u2588\u2588\u2588\u2588\u2588\u2588\u2589  | 82/104 [00:00<00:00, 1518.29it/s, Materializing param=distilbert.transformer.layer.4.ffn.lin2.weight]
Loading weights:  80%|\u2588\u2588\u2588\u2588\u2588\u2588\u2588\u2589  | 83/104 [00:00<00:00, 1509.07it/s, Materializing param=distilbert.transformer.layer.4.output_layer_norm.bias]
Loading weights:  80%|\u2588\u2588\u2588\u2588\u2588\u2588\u2588\u2589  | 83/104 [00:00<00:00, 1509.07it/s, Materializing param=distilbert.transformer.layer.4.output_layer_norm.bias]
Loading weights:  81%|\u2588\u2588\u2588\u2588\u2588\u2588\u2588\u2588  | 84/104 [00:00<00:00, 1527.25it/s, Materializing param=distilbert.transformer.layer.4.output_layer_norm.weight]
Loading weights:  81%|\u2588\u2588\u2588\u2588\u2588\u2588\u2588\u2588  | 84/104 [00:00<00:00, 1527.25it/s, Materializing param=distilbert.transformer.layer.4.output_layer_norm.weight]
Loading weights:  82%|\u2588\u2588\u2588\u2588\u2588\u2588\u2588\u2588\u258f | 85/104 [00:00<00:00, 1545.43it/s, Materializing param=distilbert.transformer.layer.4.sa_layer_norm.bias]      
Loading weights:  82%|\u2588\u2588\u2588\u2588\u2588\u2588\u2588\u2588\u258f | 85/104 [00:00<00:00, 1545.43it/s, Materializing param=distilbert.transformer.layer.4.sa_layer_norm.bias]
Loading weights:  83%|\u2588\u2588\u2588\u2588\u2588\u2588\u2588\u2588\u258e | 86/104 [00:00<00:00, 1563.61it/s, Materializing param=distilbert.transformer.layer.4.sa_layer_norm.weight]
Loading weights:  83%|\u2588\u2588\u2588\u2588\u2588\u2588\u2588\u2588\u258e | 86/104 [00:00<00:00, 1563.61it/s, Materializing param=distilbert.transformer.layer.4.sa_layer_norm.weight]
Loading weights:  84%|\u2588\u2588\u2588\u2588\u2588\u2588\u2588\u2588\u258e | 87/104 [00:00<00:00, 1581.80it/s, Materializing param=distilbert.transformer.layer.5.attention.k_lin.bias]
Loading weights:  84%|\u2588\u2588\u2588\u2588\u2588\u2588\u2588\u2588\u258e | 87/104 [00:00<00:00, 1581.80it/s, Materializing param=distilbert.transformer.layer.5.attention.k_lin.bias]
Loading weights:  85%|\u2588\u2588\u2588\u2588\u2588\u2588\u2588\u2588\u258d | 88/104 [00:00<00:00, 1571.42it/s, Materializing param=distilbert.transformer.layer.5.attention.k_lin.weight]
Loading weights:  85%|\u2588\u2588\u2588\u2588\u2588\u2588\u2588\u2588\u258d | 88/104 [00:00<00:00, 1571.42it/s, Materializing param=distilbert.transformer.layer.5.attention.k_lin.weight]
Loading weights:  86%|\u2588\u2588\u2588\u2588\u2588\u2588\u2588\u2588\u258c | 89/104 [00:00<00:00, 1589.28it/s, Materializing param=distilbert.transformer.layer.5.attention.out_lin.bias]
Loading weights:  86%|\u2588\u2588\u2588\u2588\u2588\u2588\u2588\u2588\u258c | 89/104 [00:00<00:00, 1589.28it/s, Materializing param=distilbert.transformer.layer.5.attention.out_lin.bias]
Loading weights:  87%|\u2588\u2588\u2588\u2588\u2588\u2588\u2588\u2588\u258b | 90/104 [00:00<00:00, 1607.14it/s, Materializing param=distilbert.transformer.layer.5.attention.out_lin.weight]
Loading weights:  87%|\u2588\u2588\u2588\u2588\u2588\u2588\u2588\u2588\u258b | 90/104 [00:00<00:00, 1607.14it/s, Materializing param=distilbert.transformer.layer.5.attention.out_lin.weight]
Loading weights:  88%|\u2588\u2588\u2588\u2588\u2588\u2588\u2588\u2588\u258a | 91/104 [00:00<00:00, 1624.99it/s, Materializing param=distilbert.transformer.layer.5.attention.q_lin.bias]    
Loading weights:  88%|\u2588\u2588\u2588\u2588\u2588\u2588\u2588\u2588\u258a | 91/104 [00:00<00:00, 1624.99it/s, Materializing param=distilbert.transformer.layer.5.attention.q_lin.bias]
Loading weights:  88%|\u2588\u2588\u2588\u2588\u2588\u2588\u2588\u2588\u258a | 92/104 [00:00<00:00, 1642.85it/s, Materializing param=distilbert.transformer.layer.5.attention.q_lin.weight]
Loading weights:  88%|\u2588\u2588\u2588\u2588\u2588\u2588\u2588\u2588\u258a | 92/104 [00:00<00:00, 1642.85it/s, Materializing param=distilbert.transformer.layer.5.attention.q_lin.weight]
Loading weights:  89%|\u2588\u2588\u2588\u2588\u2588\u2588\u2588\u2588\u2589 | 93/104 [00:00<00:00, 1631.55it/s, Materializing param=distilbert.transformer.layer.5.attention.v_lin.bias]  
Loading weights:  89%|\u2588\u2588\u2588\u2588\u2588\u2588\u2588\u2588\u2589 | 93/104 [00:00<00:00, 1631.55it/s, Materializing param=distilbert.transformer.layer.5.attention.v_lin.bias]
Loading weights:  90%|\u2588\u2588\u2588\u2588\u2588\u2588\u2588\u2588\u2588 | 94/104 [00:00<00:00, 1649.09it/s, Materializing param=distilbert.transformer.layer.5.attention.v_lin.weight]
Loading weights:  90%|\u2588\u2588\u2588\u2588\u2588\u2588\u2588\u2588\u2588 | 94/104 [00:00<00:00, 1649.09it/s, Materializing param=distilbert.transformer.layer.5.attention.v_lin.weight]
Loading weights:  91%|\u2588\u2588\u2588\u2588\u2588\u2588\u2588\u2588\u2588\u258f| 95/104 [00:00<00:00, 1666.63it/s, Materializing param=distilbert.transformer.layer.5.ffn.lin1.bias]         
Loading weights:  91%|\u2588\u2588\u2588\u2588\u2588\u2588\u2588\u2588\u2588\u258f| 95/104 [00:00<00:00, 1666.63it/s, Materializing param=distilbert.transformer.layer.5.ffn.lin1.bias]
Loading weights:  92%|\u2588\u2588\u2588\u2588\u2588\u2588\u2588\u2588\u2588\u258f| 96/104 [00:00<00:00, 1684.18it/s, Materializing param=distilbert.transformer.layer.5.ffn.lin1.weight]
Loading weights:  92%|\u2588\u2588\u2588\u2588\u2588\u2588\u2588\u2588\u2588\u258f| 96/104 [00:00<00:00, 1684.18it/s, Materializing param=distilbert.transformer.layer.5.ffn.lin1.weight]
Loading weights:  93%|\u2588\u2588\u2588\u2588\u2588\u2588\u2588\u2588\u2588\u258e| 97/104 [00:00<00:00, 1701.72it/s, Materializing param=distilbert.transformer.layer.5.ffn.lin2.bias]  
Loading weights:  93%|\u2588\u2588\u2588\u2588\u2588\u2588\u2588\u2588\u2588\u258e| 97/104 [00:00<00:00, 1672.16it/s, Materializing param=distilbert.transformer.layer.5.ffn.lin2.bias]
Loading weights:  94%|\u2588\u2588\u2588\u2588\u2588\u2588\u2588\u2588\u2588\u258d| 98/104 [00:00<00:00, 1689.40it/s, Materializing param=distilbert.transformer.layer.5.ffn.lin2.weight]
Loading weights:  94%|\u2588\u2588\u2588\u2588\u2588\u2588\u2588\u2588\u2588\u258d| 98/104 [00:00<00:00, 1689.40it/s, Materializing param=distilbert.transformer.layer.5.ffn.lin2.weight]
Loading weights:  95%|\u2588\u2588\u2588\u2588\u2588\u2588\u2588\u2588\u2588\u258c| 99/104 [00:00<00:00, 1706.63it/s, Materializing param=distilbert.transformer.layer.5.output_layer_norm.bias]
Loading weights:  95%|\u2588\u2588\u2588\u2588\u2588\u2588\u2588\u2588\u2588\u258c| 99/104 [00:00<00:00, 1706.63it/s, Materializing param=distilbert.transformer.layer.5.output_layer_norm.bias]
Loading weights:  96%|\u2588\u2588\u2588\u2588\u2588\u2588\u2588\u2588\u2588\u258c| 100/104 [00:00<00:00, 1723.87it/s, Materializing param=distilbert.transformer.layer.5.output_layer_norm.weight]
Loading weights:  96%|\u2588\u2588\u2588\u2588\u2588\u2588\u2588\u2588\u2588\u258c| 100/104 [00:00<00:00, 1723.87it/s, Materializing param=distilbert.transformer.layer.5.output_layer_norm.weight]
Loading weights:  97%|\u2588\u2588\u2588\u2588\u2588\u2588\u2588\u2588\u2588\u258b| 101/104 [00:00<00:00, 1741.11it/s, Materializing param=distilbert.transformer.layer.5.sa_layer_norm.bias]      
Loading weights:  97%|\u2588\u2588\u2588\u2588\u2588\u2588\u2588\u2588\u2588\u258b| 101/104 [00:00<00:00, 1741.11it/s, Materializing param=distilbert.transformer.layer.5.sa_layer_norm.bias]
Loading weights:  98%|\u2588\u2588\u2588\u2588\u2588\u2588\u2588\u2588\u2588\u258a| 102/104 [00:00<00:00, 1728.55it/s, Materializing param=distilbert.transformer.layer.5.sa_layer_norm.weight]
Loading weights:  98%|\u2588\u2588\u2588\u2588\u2588\u2588\u2588\u2588\u2588\u258a| 102/104 [00:00<00:00, 1728.55it/s, Materializing param=distilbert.transformer.layer.5.sa_layer_norm.weight]
Loading weights:  99%|\u2588\u2588\u2588\u2588\u2588\u2588\u2588\u2588\u2588\u2589| 103/104 [00:00<00:00, 1745.50it/s, Materializing param=pre_classifier.bias]                                
Loading weights:  99%|\u2588\u2588\u2588\u2588\u2588\u2588\u2588\u2588\u2588\u2589| 103/104 [00:00<00:00, 1745.50it/s, Materializing param=pre_classifier.bias]
Loading weights: 100%|\u2588\u2588\u2588\u2588\u2588\u2588\u2588\u2588\u2588\u2588| 104/104 [00:00<00:00, 1762.45it/s, Materializing param=pre_classifier.weight]
Loading weights: 100%|\u2588\u2588\u2588\u2588\u2588\u2588\u2588\u2588\u2588\u2588| 104/104 [00:00<00:00, 1762.45it/s, Materializing param=pre_classifier.weight]
Loading weights: 100%|\u2588\u2588\u2588\u2588\u2588\u2588\u2588\u2588\u2588\u2588| 104/104 [00:00<00:00, 1733.32it/s, Materializing param=pre_classifier.weight]
L:\GOODCUBE\projects\goodq4all\steps\sentiment\step.py:76: FutureWarning: `torch.cuda.amp.autocast(args...)` is deprecated. Please use `torch.amp.autocast('cuda', args...)` instead.
  with torch.cuda.amp.autocast():
ERROR conda.cli.main_run:execute(127): `conda run python L:\GOODCUBE\projects\goodq4all\cli\step_runner.py --step sentiment --in C:\Users\jdben\AppData\Local\Temp\ingest_step_7aulu_ra\input.json --out C:\Users\jdben\AppData\Local\Temp\ingest_step_7aulu_ra\output.json --cfg L:\GOODCUBE\projects\goodq4all\reports\seinfeld_experiment\reruns\20260308_season1_witness_run\workspace\_resolved_config.json` failed. (See above for error)
